// Jest Snapshot v1, https://goo.gl/fbAQLP

exports[`Loader renders correctly 1`] = `
<section
  className="loader"
>
  <div
    className="loader_block loader_block--1"
  />
  <div
    className="loader_block loader_block--2"
  />
  <div
    className="loader_block loader_block--3"
  />
  <div
    className="loader_block loader_block--4"
  />
</section>
`;
