// Jest Snapshot v1, https://goo.gl/fbAQLP

exports[`Form renders correctly 1`] = `
<form
  className="form"
  onSubmit={[Function]}
>
  <label
    htmlFor="txtFoo"
  >
    Moo
  </label>
  <input
    id="txtFoo"
    onChange={[Function]}
    type="text"
  />
  <input
    type="checkbox"
  />
  <input
    type="radio"
  />
  <button
    type="submit"
  >
    Submit
  </button>
</form>
`;
