// Jest Snapshot v1, https://goo.gl/fbAQLP

exports[`Form renders correctly 1`] = `
<form
  className="form"
  onSubmit={[Function]}
>
  <div
    className="form_field"
  >
    <label
      className="form_label"
      htmlFor="txtFoo"
    >
      Moo
    </label>
    <input
      className="form_textbox"
      id="txtFoo"
      onChange={[Function]}
      placeholder="moo"
      readOnly={undefined}
      type="text"
      value={undefined}
    />
  </div>
  <input
    type="checkbox"
  />
  <input
    type="radio"
  />
  <button
    type="submit"
  >
    Submit
  </button>
</form>
`;
